Microchip MPLAB XC8 Compiler V2.05 ()

Linker command line:

-W-3 --edf=C:\Program Files (x86)\Microchip\xc8\v2.05\pic\dat\en_msgs.txt \
  -cs -h+dist/default/production\kelbl_zaverecny_projekt.X.production.sym \
  --cmf=dist/default/production\kelbl_zaverecny_projekt.X.production.cmf -z \
  -Q18F46K22 -oC:\Users\Kelblova\AppData\Local\Temp\scgs.2 \
  --defsym=__MPLAB_BUILD=1 \
  -Mdist/default/production/kelbl_zaverecny_projekt.X.production.map -E1 \
  -ver=XC8 --acfsm=1493 -ASTACK=0B4h-0F37h -pstack=STACK -ACODE=00h-0FFFFh \
  -ACONST=00h-0FFFFh -ASMALLCONST=01000h-010FFhx240 \
  -AMEDIUMCONST=01000h-0FFFFh -ACOMRAM=01h-05Fh -AABS1=00h-0F37h \
  -ABIGRAM=01h-0F37h -ARAM=060h-0FFh,0100h-01FFhx14,0F00h-0F37h \
  -ABANK0=060h-0FFh -ABANK1=0100h-01FFh -ABANK2=0200h-02FFh \
  -ABANK3=0300h-03FFh -ABANK4=0400h-04FFh -ABANK5=0500h-05FFh \
  -ABANK6=0600h-06FFh -ABANK7=0700h-07FFh -ABANK8=0800h-08FFh \
  -ABANK9=0900h-09FFh -ABANK10=0A00h-0AFFh -ABANK11=0B00h-0BFFh \
  -ABANK12=0C00h-0CFFh -ABANK13=0D00h-0DFFh -ABANK14=0E00h-0EFFh \
  -ABANK15=0F00h-0F37h -ASFR=0F38h-0F5Fh,0F60h-0FFFh \
  -preset_vec=00h,intcode=08h,intcodelo,powerup,init -pramtop=01000h \
  -psmallconst=SMALLCONST -pmediumconst=MEDIUMCONST -pconst=CONST \
  -AFARRAM=00h-00h -ACONFIG=0300000h-030000Dh -pconfig=CONFIG \
  -AIDLOC=0200000h-0200007h -pidloc=IDLOC -AEEDATA=0F00000h-0F003FFh \
  -peeprom_data=EEDATA \
  -prdata=COMRAM,nvrram=COMRAM,nvbit=COMRAM,rbss=COMRAM,rbit=COMRAM \
  -pfarbss=FARRAM,fardata=FARRAM,nvFARRAM=FARRAM \
  -pintsave_regs=BIGRAM,bigbss=BIGRAM,bigdata=BIGRAM -pbss=RAM \
  -pidata=CODE,irdata=CODE,ibigdata=CODE,ifardata=CODE -prparam=COMRAM \
  C:\Users\Kelblova\AppData\Local\Temp\scgs.o \
  dist/default/production\kelbl_zaverecny_projekt.X.production.o 

Object code version is 3.11

Machine type is 18F46K22

Call graph: (short form)




                Name                               Link     Load   Length Selector   Space Scale
C:\Users\Kelblova\AppData\Local\Temp\scgs.o
                init                                 98       98        4        4       0
                reset_vec                             0        0        4        0       0
                idloc                            200000   200000        8   200000       0
                config                           300000   300000        E   300000       0
dist/default/production\kelbl_zaverecny_projekt.X.production.o
                intcode                               8        8       90        4       0
                temp                                 25       25        1        1       1
                mediumconst                        FD42     FD42      2BE     7EA1       0
                text18                             1388     1388       12        4       0
                text17                             11B4     11B4       68        4       0
                text16                             1352     1352       1E        4       0
                text15                             1334     1334       1E        4       0
                text14                             1316     1316       1E        4       0
                text13                             12F8     12F8       1E        4       0
                text12                             12DA     12DA       1E        4       0
                text11                             121C     121C       42        4       0
                text10                              B24      B24      1F6        4       0
                text9                              1130     1130       84        4       0
                text8                              1290     1290       26        4       0
                text7                               D1A      D1A      1C0        4       0
                text6                              125E     125E       32        4       0
                text5                               EDA      EDA       EE        4       0
                text4                                9C       9C      7EA        4       0
                text3                               886      886      29E        4       0
                text2                               FC8      FC8       C6        4       0
                text1                              108E     108E       A2        4       0
                text0                              1370     1370       18        4       0
                cstackCOMRAM                          1        1       1F        1       1
                bssBANK0                             60       60       54       60       1
                bssCOMRAM                            20       20        5        1       1
                cinit                              12B6     12B6       24        4       0

TOTAL           Name                               Link     Load   Length     Space
        CLASS   STACK          

        CLASS   CODE           
                intcode                               8        8       90         0
                init                                 98       98        4         0
                reset_vec                             0        0        4         0
                text18                             1388     1388       12         0
                text17                             11B4     11B4       68         0
                text16                             1352     1352       1E         0
                text15                             1334     1334       1E         0
                text14                             1316     1316       1E         0
                text13                             12F8     12F8       1E         0
                text12                             12DA     12DA       1E         0
                text11                             121C     121C       42         0
                text10                              B24      B24      1F6         0
                text9                              1130     1130       84         0
                text8                              1290     1290       26         0
                text7                               D1A      D1A      1C0         0
                text6                              125E     125E       32         0
                text5                               EDA      EDA       EE         0
                text4                                9C       9C      7EA         0
                text3                               886      886      29E         0
                text2                               FC8      FC8       C6         0
                text1                              108E     108E       A2         0
                text0                              1370     1370       18         0
                cinit                              12B6     12B6       24         0

        CLASS   CONST          

        CLASS   SMALLCONST     

        CLASS   MEDIUMCONST    
                mediumconst                        FD42     FD42      2BE         0

        CLASS   COMRAM         
                temp                                 25       25        1         1
                cstackCOMRAM                          1        1       1F         1
                bssCOMRAM                            20       20        5         1

        CLASS   ABS1           

        CLASS   BIGRAM         

        CLASS   RAM            

        CLASS   BANK0          
                bssBANK0                             60       60       54         1

        CLASS   BANK1          

        CLASS   BANK2          

        CLASS   BANK3          

        CLASS   BANK4          

        CLASS   BANK5          

        CLASS   BANK6          

        CLASS   BANK7          

        CLASS   BANK8          

        CLASS   BANK9          

        CLASS   BANK10         

        CLASS   BANK11         

        CLASS   BANK12         

        CLASS   BANK13         

        CLASS   BANK14         

        CLASS   BANK15         

        CLASS   SFR            

        CLASS   FARRAM         

        CLASS   CONFIG         
                config                           300000   300000        E         0

        CLASS   IDLOC          
                idloc                            200000   200000        8         0

        CLASS   EEDATA         



SEGMENTS        Name                           Load    Length   Top    Selector   Space  Class

                reset_vec                      000000  000004  000004         0       0  CODE    
                cstackCOMRAM                   000001  000025  000026         1       1  COMRAM  
                intcode                        000008  001392  00139A         4       0  CODE    
                bssBANK0                       000060  000054  0000B4        60       1  BANK0   
                mediumconst                    00FD42  0002BE  010000      7EA1       0  MEDIUMCO
                idloc                          200000  000008  200008    200000       0  IDLOC   
                config                         300000  00000E  30000E    300000       0  CONFIG  


UNUSED ADDRESS RANGES

        Name                Unused          Largest block    Delta
        BANK0            0000B4-0000FF               4C
        BANK1            000100-0001FF              100
        BANK10           000A00-000AFF              100
        BANK11           000B00-000BFF              100
        BANK12           000C00-000CFF              100
        BANK13           000D00-000DFF              100
        BANK14           000E00-000EFF              100
        BANK15           000F00-000F37               38
        BANK2            000200-0002FF              100
        BANK3            000300-0003FF              100
        BANK4            000400-0004FF              100
        BANK5            000500-0005FF              100
        BANK6            000600-0006FF              100
        BANK7            000700-0007FF              100
        BANK8            000800-0008FF              100
        BANK9            000900-0009FF              100
        BIGRAM           000026-00005F               3A
                         0000B4-000F37              E84
        CODE             000004-000007                4
                         00139A-00FD41             E9A8
        COMRAM           000026-00005F               3A
        CONST            000004-000007                4
                         00139A-00FD41             E9A8
        EEDATA           F00000-F003FF              400
        MEDIUMCONST      00139A-00FD41             E9A8
        RAM              0000B4-000F37              100
        SFR              000F38-000FFF               28
        SMALLCONST       00139A-00FD41              100
        STACK            0000B4-000F37              E84

                                  Symbol Table

?___awdiv                cstackCOMRAM 000006
?___wmul                 cstackCOMRAM 000006
?_state9hra              cstackCOMRAM 00000D
FSM@state                bssCOMRAM    000022
ISR@aktualni             cstackCOMRAM 000005
ISR@rx_i                 bssCOMRAM    000023
LCD_Send@data            cstackCOMRAM 000006
LCD_ShowString@i         cstackCOMRAM 00000C
LCD_ShowString@lineNum   cstackCOMRAM 00000B
LCD_ShowString@textData  cstackCOMRAM 000007
_ADCON0bits              (abs)        000FC2
_ADCON1bits              (abs)        000FC1
_ADCON2bits              (abs)        000FC0
_ADIE                    (abs)        007CEE
_ADIF                    (abs)        007CF6
_ADRESH                  (abs)        000FC4
_ADRESL                  (abs)        000FC3
_ANSELA                  (abs)        000F38
_ANSELAbits              (abs)        000F38
_ANSELC                  (abs)        000F3A
_ANSELDbits              (abs)        000F3B
_ANSELE                  (abs)        000F3C
_CCP1CONbits             (abs)        000FBD
_CCPR1L                  (abs)        000FBE
_CCPTMRS0bits            (abs)        000F49
_FSM                     text3        000886
_GIE                     (abs)        007F97
_GODONE                  (abs)        007E11
_ISR                     intcode      000008
_LATAbits                (abs)        000F89
_LATC4                   (abs)        007C5C
_LATD2                   (abs)        007C62
_LATD3                   (abs)        007C63
_LATD4                   (abs)        007C64
_LATD5                   (abs)        007C65
_LATD6                   (abs)        007C66
_LCD_Init                text2        000FC8
_LCD_Send                text18       001388
_LCD_ShowString          text17       0011B4
_PEIE                    (abs)        007F96
_PORTAbits               (abs)        000F80
_PORTCbits               (abs)        000F82
_PR2                     (abs)        000FBB
_PSTR1CON                (abs)        000FB9
_RC1IE                   (abs)        007CED
_RC1IF                   (abs)        007CF5
_RCREG1                  (abs)        000FAE
_RCSTA1bits              (abs)        000FAB
_SPBRG1                  (abs)        000FAF
_SSP2ADD                 (abs)        000F6E
_SSP2BUF                 (abs)        000F6F
_SSP2CON1bits            (abs)        000F6C
_SSP2CON2bits            (abs)        000F6B
_SSP2IF                  (abs)        007D27
_SSP2STATbits            (abs)        000F6D
_T1CONbits               (abs)        000FCD
_T2CONbits               (abs)        000FBA
_TMR1                    (abs)        000FCE
_TMR1IE                  (abs)        007CE8
_TMR1IF                  (abs)        007CF0
_TMR2IF                  (abs)        007CF1
_TMR2ON                  (abs)        007DD2
_TRISAbits               (abs)        000F92
_TRISCbits               (abs)        000F94
_TRISD                   (abs)        000F95
_TRISDbits               (abs)        000F95
_TX1IE                   (abs)        007CEC
_TX1IF                   (abs)        007CF4
_TX1REG                  (abs)        000FAD
_TXREG1                  (abs)        000FAD
_TXSTA1bits              (abs)        000FAC
__CFG_FOSC$HSMP          (abs)        000000
__CFG_PLLCFG$OFF         (abs)        000000
__CFG_PRICLKEN$ON        (abs)        000000
__CFG_WDTEN$OFF          (abs)        000000
__HRAM                   (abs)        000000
__Habs1                  abs1         000000
__Hbank0                 bank0        000000
__Hbank1                 bank1        000000
__Hbank10                bank10       000000
__Hbank11                bank11       000000
__Hbank12                bank12       000000
__Hbank13                bank13       000000
__Hbank14                bank14       000000
__Hbank15                bank15       000000
__Hbank2                 bank2        000000
__Hbank3                 bank3        000000
__Hbank4                 bank4        000000
__Hbank5                 bank5        000000
__Hbank6                 bank6        000000
__Hbank7                 bank7        000000
__Hbank8                 bank8        000000
__Hbank9                 bank9        000000
__Hbigbss                bigbss       000000
__Hbigdata               bigdata      000000
__Hbigram                bigram       000000
__Hbss                   bss          000000
__HbssBANK0              bssBANK0     000000
__HbssCOMRAM             bssCOMRAM    000000
__Hcinit                 cinit        000000
__Hclrtext               clrtext      000000
__Hcomram                comram       000000
__Hconfig                config       30000E
__Hconst                 const        000000
__HcstackCOMRAM          cstackCOMRAM 000000
__Hdata                  data         000000
__Heeprom_data           eeprom_data  000000
__Hfarbss                farbss       000000
__Hfardata               fardata      000000
__Hibigdata              ibigdata     000000
__Hidata                 idata        000000
__Hidloc                 idloc        200008
__Hifardata              ifardata     000000
__Hinit                  init         00009C
__Hintcode               intcode      000098
__Hintcode_body          intcode_body 000000
__Hintcodelo             intcodelo    000098
__Hintentry              intentry     000000
__Hintret                intret       000000
__Hintsave_regs          intsave_regs 000000
__Hirdata                irdata       000000
__Hmediumconst           mediumconst  010000
__HnvFARRAM              nvFARRAM     000000
__Hnvbit                 nvbit        000000
__Hnvrram                nvrram       000000
__Hparam                 rparam       000000
__Hpowerup               powerup      000098
__Hram                   ram          000000
__Hramtop                ramtop       001000
__Hrbit                  rbit         000000
__Hrbss                  rbss         000000
__Hrdata                 rdata        000000
__Hreset_vec             reset_vec    000004
__Hrparam                rparam       000000
__Hsfr                   sfr          000000
__Hsmallconst            smallconst   000000
__Hspace_0               (abs)        30000E
__Hspace_1               (abs)        0000B4
__Hspace_2               (abs)        000000
__Hstack                 stack        000000
__Hstruct                struct       000000
__Htemp                  temp         000026
__Htext                  text         000000
__Htext0                 text0        000000
__Htext1                 text1        000000
__Htext10                text10       000000
__Htext11                text11       000000
__Htext12                text12       000000
__Htext13                text13       000000
__Htext14                text14       000000
__Htext15                text15       000000
__Htext16                text16       000000
__Htext17                text17       000000
__Htext18                text18       000000
__Htext2                 text2        000000
__Htext3                 text3        000000
__Htext4                 text4        000000
__Htext5                 text5        000000
__Htext6                 text6        000000
__Htext7                 text7        000000
__Htext8                 text8        000000
__Htext9                 text9        000000
__LRAM                   (abs)        000001
__Labs1                  abs1         000000
__Lbank0                 bank0        000000
__Lbank1                 bank1        000000
__Lbank10                bank10       000000
__Lbank11                bank11       000000
__Lbank12                bank12       000000
__Lbank13                bank13       000000
__Lbank14                bank14       000000
__Lbank15                bank15       000000
__Lbank2                 bank2        000000
__Lbank3                 bank3        000000
__Lbank4                 bank4        000000
__Lbank5                 bank5        000000
__Lbank6                 bank6        000000
__Lbank7                 bank7        000000
__Lbank8                 bank8        000000
__Lbank9                 bank9        000000
__Lbigbss                bigbss       000000
__Lbigdata               bigdata      000000
__Lbigram                bigram       000000
__Lbss                   bss          000000
__LbssBANK0              bssBANK0     000000
__LbssCOMRAM             bssCOMRAM    000000
__Lcinit                 cinit        000000
__Lclrtext               clrtext      000000
__Lcomram                comram       000000
__Lconfig                config       300000
__Lconst                 const        000000
__LcstackCOMRAM          cstackCOMRAM 000000
__Ldata                  data         000000
__Leeprom_data           eeprom_data  000000
__Lfarbss                farbss       000000
__Lfardata               fardata      000000
__Libigdata              ibigdata     000000
__Lidata                 idata        000000
__Lidloc                 idloc        200000
__Lifardata              ifardata     000000
__Linit                  init         000098
__Lintcode               intcode      000008
__Lintcode_body          intcode_body 000000
__Lintcodelo             intcodelo    000098
__Lintentry              intentry     000000
__Lintret                intret       000000
__Lintsave_regs          intsave_regs 000000
__Lirdata                irdata       000000
__Lmediumconst           mediumconst  00FD42
__LnvFARRAM              nvFARRAM     000000
__Lnvbit                 nvbit        000000
__Lnvrram                nvrram       000000
__Lparam                 rparam       000000
__Lpowerup               powerup      000098
__Lram                   ram          000000
__Lramtop                ramtop       001000
__Lrbit                  rbit         000000
__Lrbss                  rbss         000000
__Lrdata                 rdata        000000
__Lreset_vec             reset_vec    000000
__Lrparam                rparam       000000
__Lsfr                   sfr          000000
__Lsmallconst            smallconst   000000
__Lspace_0               (abs)        000000
__Lspace_1               (abs)        000000
__Lspace_2               (abs)        000000
__Lstack                 stack        000000
__Lstruct                struct       000000
__Ltemp                  temp         000025
__Ltext                  text         000000
__Ltext0                 text0        000000
__Ltext1                 text1        000000
__Ltext10                text10       000000
__Ltext11                text11       000000
__Ltext12                text12       000000
__Ltext13                text13       000000
__Ltext14                text14       000000
__Ltext15                text15       000000
__Ltext16                text16       000000
__Ltext17                text17       000000
__Ltext18                text18       000000
__Ltext2                 text2        000000
__Ltext3                 text3        000000
__Ltext4                 text4        000000
__Ltext5                 text5        000000
__Ltext6                 text6        000000
__Ltext7                 text7        000000
__Ltext8                 text8        000000
__Ltext9                 text9        000000
__S0                     (abs)        30000E
__S1                     (abs)        0000B4
__S2                     (abs)        000000
___awdiv                 text9        001130
___awdiv@counter         cstackCOMRAM 00000A
___awdiv@dividend        cstackCOMRAM 000006
___awdiv@divisor         cstackCOMRAM 000008
___awdiv@quotient        cstackCOMRAM 00000C
___awdiv@sign            cstackCOMRAM 00000B
___inthi_sp              stack        000000
___intlo_sp              stack        000000
___param_bank            (abs)        000000
___rparam_used           (abs)        000001
___sp                    stack        000000
___wmul                  text8        001290
___wmul@multiplicand     cstackCOMRAM 000008
___wmul@multiplier       cstackCOMRAM 000006
___wmul@product          cstackCOMRAM 00000A
__accesstop              (abs)        000060
__activetblptr           (abs)        000002
__end_of_FSM             text3        000B24
__end_of_ISR             intcode      000098
__end_of_LCD_Init        text2        00108E
__end_of_LCD_Send        text18       00139A
__end_of_LCD_ShowString  text17       00121C
__end_of___awdiv         text9        0011B4
__end_of___wmul          text8        0012B6
__end_of__initialization cinit        0012CC
__end_of_driveLED        text11       00125E
__end_of_init            text1        001130
__end_of_main            text0        001388
__end_of_state0obrtet    text16       001370
__end_of_state1obrkal    text15       001352
__end_of_state2obrpwm    text14       001334
__end_of_state3obradc    text13       001316
__end_of_state4obrhra    text12       0012F8
__end_of_state5tet       text10       000D1A
__end_of_state6kal       text7        000EDA
__end_of_state7pwm       text6        001290
__end_of_state8adc       text5        000FC8
__end_of_state9hra       text4        000886
__initialization         cinit        0012B6
__mediumconst            mediumconst  00FD42
__pbssBANK0              bssBANK0     000060
__pbssCOMRAM             bssCOMRAM    000020
__pcinit                 cinit        0012B6
__pcstackCOMRAM          cstackCOMRAM 000001
__pintcode               intcode      000008
__pmediumconst           mediumconst  00FD42
__ptext0                 text0        001370
__ptext1                 text1        00108E
__ptext10                text10       000B24
__ptext11                text11       00121C
__ptext12                text12       0012DA
__ptext13                text13       0012F8
__ptext14                text14       001316
__ptext15                text15       001334
__ptext16                text16       001352
__ptext17                text17       0011B4
__ptext18                text18       001388
__ptext2                 text2        000FC8
__ptext3                 text3        000886
__ptext4                 text4        00009C
__ptext5                 text5        000EDA
__ptext6                 text6        00125E
__ptext7                 text7        000D1A
__ptext8                 text8        001290
__ptext9                 text9        001130
__ramtop                 ramtop       001000
__size_of_FSM            (abs)        000000
__size_of_ISR            (abs)        000000
__size_of_LCD_Init       (abs)        000000
__size_of_LCD_Send       (abs)        000000
__size_of_LCD_ShowString (abs)        000000
__size_of___awdiv        (abs)        000000
__size_of___wmul         (abs)        000000
__size_of_driveLED       (abs)        000000
__size_of_init           (abs)        000000
__size_of_main           (abs)        000000
__size_of_state0obrtet   (abs)        000000
__size_of_state1obrkal   (abs)        000000
__size_of_state2obrpwm   (abs)        000000
__size_of_state3obradc   (abs)        000000
__size_of_state4obrhra   (abs)        000000
__size_of_state5tet      (abs)        000000
__size_of_state6kal      (abs)        000000
__size_of_state7pwm      (abs)        000000
__size_of_state8adc      (abs)        000000
__size_of_state9hra      (abs)        000000
__smallconst             smallconst   000000
_driveLED                text11       00121C
_gFlag                   bssCOMRAM    000024
_init                    text1        00108E
_main                    text0        001370
_message                 bssBANK0     000060
_pot1_val                bssCOMRAM    000020
_state0obrtet            text16       001352
_state1obrkal            text15       001334
_state2obrpwm            text14       001316
_state3obradc            text13       0012F8
_state4obrhra            text12       0012DA
_state5tet               text10       000B24
_state6kal               text7        000D1A
_state7pwm               text6        00125E
_state8adc               text5        000EDA
_state9hra               text4        00009C
btemp                    temp         000025
driveLED@in              cstackCOMRAM 000006
end_of_initialization    cinit        0012CC
int$flags                temp         000025
intlevel0                text         000000
intlevel1                text         000000
intlevel2                text         000000
intlevel3                text         000000
stackhi                  (abs)        000F37
stacklo                  (abs)        0000B4
start                    init         000098
start_initialization     cinit        0012B6
state5tet@i              cstackCOMRAM 00000F
state6kal@aktualni       cstackCOMRAM 00001D
state6kal@dekadicky      cstackCOMRAM 00001B
state6kal@druhy          cstackCOMRAM 000019
state6kal@i              cstackCOMRAM 000013
state6kal@i_1093         cstackCOMRAM 000015
state6kal@operace        cstackCOMRAM 000010
state6kal@prvni          cstackCOMRAM 000017
state6kal@zacatekPrvniho cstackCOMRAM 000011
state8adc@led_state      cstackCOMRAM 00000E
state9hra@konec          cstackCOMRAM 000013
state9hra@player1        cstackCOMRAM 000011
state9hra@player2        cstackCOMRAM 000015
ttemp5                   temp         000026
ttemp6                   temp         000029
ttemp7                   temp         00002D
wtemp8                   temp         000026


FUNCTION INFORMATION:

 *************** function _main *****************
 Defined at:
		line 235 in file "newmain.c"
 Parameters:    Size  Location     Type
		None
 Auto vars:     Size  Location     Type
		None
 Return value:  Size  Location     Type
                  1    wreg      void 
 Registers used:
		wreg, fsr2l, fsr2h, status,2, status,0, tblptrl, tblptrh, tblptru, prodl, prodh, cstack
 Tracked objects:
		On entry : 
		On exit  : 
		Unchanged: 
 Data sizes:     COMRAM   BANK0   BANK1   BANK2   BANK3   BANK4   BANK5   BANK6   BANK7   BANK8   BANK9  BANK10  BANK11  BANK12  BANK13  BANK14  BANK15
      Params:         0       0       0       0       0       0       0       0       0       0       0       0       0       0       0       0       0
      Locals:         0       0       0       0       0       0       0       0       0       0       0       0       0       0       0       0       0
      Temps:          0       0       0       0       0       0       0       0       0       0       0       0       0       0       0       0       0
      Totals:         0       0       0       0       0       0       0       0       0       0       0       0       0       0       0       0       0
Total ram usage:        0 bytes
 Hardware stack levels required when called:    5
 This function calls:
		_FSM
		_LCD_Init
		_init
 This function is called by:
		Startup code after reset
 This function uses a non-reentrant model


 *************** function _init *****************
 Defined at:
		line 146 in file "newmain.c"
 Parameters:    Size  Location     Type
		None
 Auto vars:     Size  Location     Type
		None
 Return value:  Size  Location     Type
                  1    wreg      void 
 Registers used:
		wreg, status,2, status,0
 Tracked objects:
		On entry : 
		On exit  : 
		Unchanged: 
 Data sizes:     COMRAM   BANK0   BANK1   BANK2   BANK3   BANK4   BANK5   BANK6   BANK7   BANK8   BANK9  BANK10  BANK11  BANK12  BANK13  BANK14  BANK15
      Params:         0       0       0       0       0       0       0       0       0       0       0       0       0       0       0       0       0
      Locals:         0       0       0       0       0       0       0       0       0       0       0       0       0       0       0       0       0
      Temps:          0       0       0       0       0       0       0       0       0       0       0       0       0       0       0       0       0
      Totals:         0       0       0       0       0       0       0       0       0       0       0       0       0       0       0       0       0
Total ram usage:        0 bytes
 Hardware stack levels used:    1
 Hardware stack levels required when called:    1
 This function calls:
		Nothing
 This function is called by:
		_main
 This function uses a non-reentrant model


 *************** function _LCD_Init *****************
 Defined at:
		line 6 in file "lcd.c"
 Parameters:    Size  Location     Type
		None
 Auto vars:     Size  Location     Type
		None
 Return value:  Size  Location     Type
                  1    wreg      void 
 Registers used:
		wreg, status,2, cstack
 Tracked objects:
		On entry : 
		On exit  : 
		Unchanged: 
 Data sizes:     COMRAM   BANK0   BANK1   BANK2   BANK3   BANK4   BANK5   BANK6   BANK7   BANK8   BANK9  BANK10  BANK11  BANK12  BANK13  BANK14  BANK15
      Params:         0       0       0       0       0       0       0       0       0       0       0       0       0       0       0       0       0
      Locals:         0       0       0       0       0       0       0       0       0       0       0       0       0       0       0       0       0
      Temps:          1       0       0       0       0       0       0       0       0       0       0       0       0       0       0       0       0
      Totals:         1       0       0       0       0       0       0       0       0       0       0       0       0       0       0       0       0
Total ram usage:        1 bytes
 Hardware stack levels used:    1
 Hardware stack levels required when called:    2
 This function calls:
		_LCD_Send
 This function is called by:
		_main
 This function uses a non-reentrant model


 *************** function _FSM *****************
 Defined at:
		line 250 in file "newmain.c"
 Parameters:    Size  Location     Type
		None
 Auto vars:     Size  Location     Type
		None
 Return value:  Size  Location     Type
                  1    wreg      void 
 Registers used:
		wreg, fsr2l, fsr2h, status,2, status,0, tblptrl, tblptrh, tblptru, prodl, prodh, cstack
 Tracked objects:
		On entry : 
		On exit  : 
		Unchanged: 
 Data sizes:     COMRAM   BANK0   BANK1   BANK2   BANK3   BANK4   BANK5   BANK6   BANK7   BANK8   BANK9  BANK10  BANK11  BANK12  BANK13  BANK14  BANK15
      Params:         0       0       0       0       0       0       0       0       0       0       0       0       0       0       0       0       0
      Locals:         0       0       0       0       0       0       0       0       0       0       0       0       0       0       0       0       0
      Temps:          2       0       0       0       0       0       0       0       0       0       0       0       0       0       0       0       0
      Totals:         2       0       0       0       0       0       0       0       0       0       0       0       0       0       0       0       0
Total ram usage:        2 bytes
 Hardware stack levels used:    1
 Hardware stack levels required when called:    4
 This function calls:
		_driveLED
		_state0obrtet
		_state1obrkal
		_state2obrpwm
		_state3obradc
		_state4obrhra
		_state5tet
		_state6kal
		_state7pwm
		_state8adc
		_state9hra
 This function is called by:
		_main
 This function uses a non-reentrant model


 *************** function _state9hra *****************
 Defined at:
		line 617 in file "newmain.c"
 Parameters:    Size  Location     Type
		None
 Auto vars:     Size  Location     Type
  player2         2   20[COMRAM] int 
  konec           2   18[COMRAM] int 
  player1         2   16[COMRAM] int 
 Return value:  Size  Location     Type
                  2   12[COMRAM] int 
 Registers used:
		wreg, status,2, status,0, tblptrl, tblptrh, tblptru, cstack
 Tracked objects:
		On entry : 
		On exit  : 
		Unchanged: 
 Data sizes:     COMRAM   BANK0   BANK1   BANK2   BANK3   BANK4   BANK5   BANK6   BANK7   BANK8   BANK9  BANK10  BANK11  BANK12  BANK13  BANK14  BANK15
      Params:         2       0       0       0       0       0       0       0       0       0       0       0       0       0       0       0       0
      Locals:         6       0       0       0       0       0       0       0       0       0       0       0       0       0       0       0       0
      Temps:          2       0       0       0       0       0       0       0       0       0       0       0       0       0       0       0       0
      Totals:        10       0       0       0       0       0       0       0       0       0       0       0       0       0       0       0       0
Total ram usage:       10 bytes
 Hardware stack levels used:    1
 Hardware stack levels required when called:    3
 This function calls:
		_LCD_ShowString
 This function is called by:
		_FSM
 This function uses a non-reentrant model


 *************** function _state8adc *****************
 Defined at:
		line 586 in file "newmain.c"
 Parameters:    Size  Location     Type
		None
 Auto vars:     Size  Location     Type
  led_state       1   13[COMRAM] unsigned char 
 Return value:  Size  Location     Type
                  1    wreg      void 
 Registers used:
		wreg, status,2, status,0, tblptrl, tblptrh, tblptru, cstack
 Tracked objects:
		On entry : 
		On exit  : 
		Unchanged: 
 Data sizes:     COMRAM   BANK0   BANK1   BANK2   BANK3   BANK4   BANK5   BANK6   BANK7   BANK8   BANK9  BANK10  BANK11  BANK12  BANK13  BANK14  BANK15
      Params:         0       0       0       0       0       0       0       0       0       0       0       0       0       0       0       0       0
      Locals:         1       0       0       0       0       0       0       0       0       0       0       0       0       0       0       0       0
      Temps:          1       0       0       0       0       0       0       0       0       0       0       0       0       0       0       0       0
      Totals:         2       0       0       0       0       0       0       0       0       0       0       0       0       0       0       0       0
Total ram usage:        2 bytes
 Hardware stack levels used:    1
 Hardware stack levels required when called:    3
 This function calls:
		_LCD_ShowString
		_driveLED
 This function is called by:
		_FSM
 This function uses a non-reentrant model


 *************** function _state7pwm *****************
 Defined at:
		line 573 in file "newmain.c"
 Parameters:    Size  Location     Type
		None
 Auto vars:     Size  Location     Type
		None
 Return value:  Size  Location     Type
                  1    wreg      void 
 Registers used:
		wreg, status,2, status,0, tblptrl, tblptrh, tblptru, cstack
 Tracked objects:
		On entry : 
		On exit  : 
		Unchanged: 
 Data sizes:     COMRAM   BANK0   BANK1   BANK2   BANK3   BANK4   BANK5   BANK6   BANK7   BANK8   BANK9  BANK10  BANK11  BANK12  BANK13  BANK14  BANK15
      Params:         0       0       0       0       0       0       0       0       0       0       0       0       0       0       0       0       0
      Locals:         0       0       0       0       0       0       0       0       0       0       0       0       0       0       0       0       0
      Temps:          0       0       0       0       0       0       0       0       0       0       0       0       0       0       0       0       0
      Totals:         0       0       0       0       0       0       0       0       0       0       0       0       0       0       0       0       0
Total ram usage:        0 bytes
 Hardware stack levels used:    1
 Hardware stack levels required when called:    3
 This function calls:
		_LCD_ShowString
 This function is called by:
		_FSM
 This function uses a non-reentrant model


 *************** function _state6kal *****************
 Defined at:
		line 493 in file "newmain.c"
 Parameters:    Size  Location     Type
		None
 Auto vars:     Size  Location     Type
  i               2   20[COMRAM] int 
  i               2   18[COMRAM] int 
  dekadicky       2   26[COMRAM] int 
  druhy           2   24[COMRAM] int 
  prvni           2   22[COMRAM] int 
  zacatekPrvni    2   16[COMRAM] int 
  aktualni        1   28[COMRAM] unsigned char 
  operace         1   15[COMRAM] unsigned char 
 Return value:  Size  Location     Type
                  1    wreg      void 
 Registers used:
		wreg, fsr2l, fsr2h, status,2, status,0, tblptrl, tblptrh, tblptru, prodl, prodh, cstack
 Tracked objects:
		On entry : 
		On exit  : 
		Unchanged: 
 Data sizes:     COMRAM   BANK0   BANK1   BANK2   BANK3   BANK4   BANK5   BANK6   BANK7   BANK8   BANK9  BANK10  BANK11  BANK12  BANK13  BANK14  BANK15
      Params:         0       0       0       0       0       0       0       0       0       0       0       0       0       0       0       0       0
      Locals:        14       0       0       0       0       0       0       0       0       0       0       0       0       0       0       0       0
      Temps:          2       0       0       0       0       0       0       0       0       0       0       0       0       0       0       0       0
      Totals:        16       0       0       0       0       0       0       0       0       0       0       0       0       0       0       0       0
Total ram usage:       16 bytes
 Hardware stack levels used:    1
 Hardware stack levels required when called:    3
 This function calls:
		_LCD_ShowString
		___awdiv
		___wmul
 This function is called by:
		_FSM
 This function uses a non-reentrant model


 *************** function ___wmul *****************
 Defined at:
		line 15 in file "C:\Program Files (x86)\Microchip\xc8\v2.05\pic\sources\c99\common\Umul16.c"
 Parameters:    Size  Location     Type
  multiplier      2    5[COMRAM] unsigned int 
  multiplicand    2    7[COMRAM] unsigned int 
 Auto vars:     Size  Location     Type
  product         2    9[COMRAM] unsigned int 
 Return value:  Size  Location     Type
                  2    5[COMRAM] unsigned int 
 Registers used:
		wreg, status,2, status,0, prodl, prodh
 Tracked objects:
		On entry : 
		On exit  : 
		Unchanged: 
 Data sizes:     COMRAM   BANK0   BANK1   BANK2   BANK3   BANK4   BANK5   BANK6   BANK7   BANK8   BANK9  BANK10  BANK11  BANK12  BANK13  BANK14  BANK15
      Params:         4       0       0       0       0       0       0       0       0       0       0       0       0       0       0       0       0
      Locals:         2       0       0       0       0       0       0       0       0       0       0       0       0       0       0       0       0
      Temps:          0       0       0       0       0       0       0       0       0       0       0       0       0       0       0       0       0
      Totals:         6       0       0       0       0       0       0       0       0       0       0       0       0       0       0       0       0
Total ram usage:        6 bytes
 Hardware stack levels used:    1
 Hardware stack levels required when called:    1
 This function calls:
		Nothing
 This function is called by:
		_state6kal
 This function uses a non-reentrant model


 *************** function ___awdiv *****************
 Defined at:
		line 7 in file "C:\Program Files (x86)\Microchip\xc8\v2.05\pic\sources\c99\common\awdiv.c"
 Parameters:    Size  Location     Type
  dividend        2    5[COMRAM] int 
  divisor         2    7[COMRAM] int 
 Auto vars:     Size  Location     Type
  quotient        2   11[COMRAM] int 
  sign            1   10[COMRAM] unsigned char 
  counter         1    9[COMRAM] unsigned char 
 Return value:  Size  Location     Type
                  2    5[COMRAM] int 
 Registers used:
		wreg, status,2, status,0
 Tracked objects:
		On entry : 
		On exit  : 
		Unchanged: 
 Data sizes:     COMRAM   BANK0   BANK1   BANK2   BANK3   BANK4   BANK5   BANK6   BANK7   BANK8   BANK9  BANK10  BANK11  BANK12  BANK13  BANK14  BANK15
      Params:         4       0       0       0       0       0       0       0       0       0       0       0       0       0       0       0       0
      Locals:         4       0       0       0       0       0       0       0       0       0       0       0       0       0       0       0       0
      Temps:          0       0       0       0       0       0       0       0       0       0       0       0       0       0       0       0       0
      Totals:         8       0       0       0       0       0       0       0       0       0       0       0       0       0       0       0       0
Total ram usage:        8 bytes
 Hardware stack levels used:    1
 Hardware stack levels required when called:    1
 This function calls:
		Nothing
 This function is called by:
		_state6kal
 This function uses a non-reentrant model


 *************** function _state5tet *****************
 Defined at:
		line 452 in file "newmain.c"
 Parameters:    Size  Location     Type
		None
 Auto vars:     Size  Location     Type
  i               2   14[COMRAM] int 
 Return value:  Size  Location     Type
                  1    wreg      void 
 Registers used:
		wreg, status,2, status,0, tblptrl, tblptrh, tblptru, cstack
 Tracked objects:
		On entry : 
		On exit  : 
		Unchanged: 
 Data sizes:     COMRAM   BANK0   BANK1   BANK2   BANK3   BANK4   BANK5   BANK6   BANK7   BANK8   BANK9  BANK10  BANK11  BANK12  BANK13  BANK14  BANK15
      Params:         0       0       0       0       0       0       0       0       0       0       0       0       0       0       0       0       0
      Locals:         2       0       0       0       0       0       0       0       0       0       0       0       0       0       0       0       0
      Temps:          2       0       0       0       0       0       0       0       0       0       0       0       0       0       0       0       0
      Totals:         4       0       0       0       0       0       0       0       0       0       0       0       0       0       0       0       0
Total ram usage:        4 bytes
 Hardware stack levels used:    1
 Hardware stack levels required when called:    3
 This function calls:
		_LCD_ShowString
		_driveLED
 This function is called by:
		_FSM
 This function uses a non-reentrant model


 *************** function _driveLED *****************
 Defined at:
		line 826 in file "newmain.c"
 Parameters:    Size  Location     Type
  in              1    wreg     unsigned char 
 Auto vars:     Size  Location     Type
  in              1    5[COMRAM] unsigned char 
 Return value:  Size  Location     Type
                  1    wreg      void 
 Registers used:
		wreg, status,2, status,0
 Tracked objects:
		On entry : 
		On exit  : 
		Unchanged: 
 Data sizes:     COMRAM   BANK0   BANK1   BANK2   BANK3   BANK4   BANK5   BANK6   BANK7   BANK8   BANK9  BANK10  BANK11  BANK12  BANK13  BANK14  BANK15
      Params:         0       0       0       0       0       0       0       0       0       0       0       0       0       0       0       0       0
      Locals:         1       0       0       0       0       0       0       0       0       0       0       0       0       0       0       0       0
      Temps:          0       0       0       0       0       0       0       0       0       0       0       0       0       0       0       0       0
      Totals:         1       0       0       0       0       0       0       0       0       0       0       0       0       0       0       0       0
Total ram usage:        1 bytes
 Hardware stack levels used:    1
 Hardware stack levels required when called:    1
 This function calls:
		Nothing
 This function is called by:
		_FSM
		_state5tet
		_state8adc
 This function uses a non-reentrant model


 *************** function _state4obrhra *****************
 Defined at:
		line 446 in file "newmain.c"
 Parameters:    Size  Location     Type
		None
 Auto vars:     Size  Location     Type
		None
 Return value:  Size  Location     Type
                  1    wreg      void 
 Registers used:
		wreg, status,2, status,0, tblptrl, tblptrh, tblptru, cstack
 Tracked objects:
		On entry : 
		On exit  : 
		Unchanged: 
 Data sizes:     COMRAM   BANK0   BANK1   BANK2   BANK3   BANK4   BANK5   BANK6   BANK7   BANK8   BANK9  BANK10  BANK11  BANK12  BANK13  BANK14  BANK15
      Params:         0       0       0       0       0       0       0       0       0       0       0       0       0       0       0       0       0
      Locals:         0       0       0       0       0       0       0       0       0       0       0       0       0       0       0       0       0
      Temps:          0       0       0       0       0       0       0       0       0       0       0       0       0       0       0       0       0
      Totals:         0       0       0       0       0       0       0       0       0       0       0       0       0       0       0       0       0
Total ram usage:        0 bytes
 Hardware stack levels used:    1
 Hardware stack levels required when called:    3
 This function calls:
		_LCD_ShowString
 This function is called by:
		_FSM
 This function uses a non-reentrant model


 *************** function _state3obradc *****************
 Defined at:
		line 440 in file "newmain.c"
 Parameters:    Size  Location     Type
		None
 Auto vars:     Size  Location     Type
		None
 Return value:  Size  Location     Type
                  1    wreg      void 
 Registers used:
		wreg, status,2, status,0, tblptrl, tblptrh, tblptru, cstack
 Tracked objects:
		On entry : 
		On exit  : 
		Unchanged: 
 Data sizes:     COMRAM   BANK0   BANK1   BANK2   BANK3   BANK4   BANK5   BANK6   BANK7   BANK8   BANK9  BANK10  BANK11  BANK12  BANK13  BANK14  BANK15
      Params:         0       0       0       0       0       0       0       0       0       0       0       0       0       0       0       0       0
      Locals:         0       0       0       0       0       0       0       0       0       0       0       0       0       0       0       0       0
      Temps:          0       0       0       0       0       0       0       0       0       0       0       0       0       0       0       0       0
      Totals:         0       0       0       0       0       0       0       0       0       0       0       0       0       0       0       0       0
Total ram usage:        0 bytes
 Hardware stack levels used:    1
 Hardware stack levels required when called:    3
 This function calls:
		_LCD_ShowString
 This function is called by:
		_FSM
 This function uses a non-reentrant model


 *************** function _state2obrpwm *****************
 Defined at:
		line 434 in file "newmain.c"
 Parameters:    Size  Location     Type
		None
 Auto vars:     Size  Location     Type
		None
 Return value:  Size  Location     Type
                  1    wreg      void 
 Registers used:
		wreg, status,2, status,0, tblptrl, tblptrh, tblptru, cstack
 Tracked objects:
		On entry : 
		On exit  : 
		Unchanged: 
 Data sizes:     COMRAM   BANK0   BANK1   BANK2   BANK3   BANK4   BANK5   BANK6   BANK7   BANK8   BANK9  BANK10  BANK11  BANK12  BANK13  BANK14  BANK15
      Params:         0       0       0       0       0       0       0       0       0       0       0       0       0       0       0       0       0
      Locals:         0       0       0       0       0       0       0       0       0       0       0       0       0       0       0       0       0
      Temps:          0       0       0       0       0       0       0       0       0       0       0       0       0       0       0       0       0
      Totals:         0       0       0       0       0       0       0       0       0       0       0       0       0       0       0       0       0
Total ram usage:        0 bytes
 Hardware stack levels used:    1
 Hardware stack levels required when called:    3
 This function calls:
		_LCD_ShowString
 This function is called by:
		_FSM
 This function uses a non-reentrant model


 *************** function _state1obrkal *****************
 Defined at:
		line 428 in file "newmain.c"
 Parameters:    Size  Location     Type
		None
 Auto vars:     Size  Location     Type
		None
 Return value:  Size  Location     Type
                  1    wreg      void 
 Registers used:
		wreg, status,2, status,0, tblptrl, tblptrh, tblptru, cstack
 Tracked objects:
		On entry : 
		On exit  : 
		Unchanged: 
 Data sizes:     COMRAM   BANK0   BANK1   BANK2   BANK3   BANK4   BANK5   BANK6   BANK7   BANK8   BANK9  BANK10  BANK11  BANK12  BANK13  BANK14  BANK15
      Params:         0       0       0       0       0       0       0       0       0       0       0       0       0       0       0       0       0
      Locals:         0       0       0       0       0       0       0       0       0       0       0       0       0       0       0       0       0
      Temps:          0       0       0       0       0       0       0       0       0       0       0       0       0       0       0       0       0
      Totals:         0       0       0       0       0       0       0       0       0       0       0       0       0       0       0       0       0
Total ram usage:        0 bytes
 Hardware stack levels used:    1
 Hardware stack levels required when called:    3
 This function calls:
		_LCD_ShowString
 This function is called by:
		_FSM
 This function uses a non-reentrant model


 *************** function _state0obrtet *****************
 Defined at:
		line 422 in file "newmain.c"
 Parameters:    Size  Location     Type
		None
 Auto vars:     Size  Location     Type
		None
 Return value:  Size  Location     Type
                  1    wreg      void 
 Registers used:
		wreg, status,2, status,0, tblptrl, tblptrh, tblptru, cstack
 Tracked objects:
		On entry : 
		On exit  : 
		Unchanged: 
 Data sizes:     COMRAM   BANK0   BANK1   BANK2   BANK3   BANK4   BANK5   BANK6   BANK7   BANK8   BANK9  BANK10  BANK11  BANK12  BANK13  BANK14  BANK15
      Params:         0       0       0       0       0       0       0       0       0       0       0       0       0       0       0       0       0
      Locals:         0       0       0       0       0       0       0       0       0       0       0       0       0       0       0       0       0
      Temps:          0       0       0       0       0       0       0       0       0       0       0       0       0       0       0       0       0
      Totals:         0       0       0       0       0       0       0       0       0       0       0       0       0       0       0       0       0
Total ram usage:        0 bytes
 Hardware stack levels used:    1
 Hardware stack levels required when called:    3
 This function calls:
		_LCD_ShowString
 This function is called by:
		_FSM
 This function uses a non-reentrant model


 *************** function _LCD_ShowString *****************
 Defined at:
		line 58 in file "lcd.c"
 Parameters:    Size  Location     Type
  lineNum         1    wreg     unsigned char 
  textData        2    6[COMRAM] PTR unsigned char 
		 -> STR_78(17), STR_77(17), STR_76(17), STR_75(17), 
		 -> STR_74(17), STR_73(17), STR_72(17), STR_71(17), 
		 -> STR_70(17), STR_69(17), STR_68(17), STR_67(17), 
		 -> STR_66(17), STR_65(17), STR_64(17), STR_63(17), 
		 -> STR_62(17), STR_61(17), STR_60(17), STR_59(17), 
		 -> STR_58(17), STR_57(17), STR_56(17), STR_55(17), 
		 -> STR_54(17), STR_53(17), STR_52(17), STR_51(17), 
		 -> STR_50(17), STR_49(17), STR_48(17), STR_47(17), 
		 -> STR_46(17), STR_45(17), STR_44(17), STR_43(17), 
		 -> STR_42(17), STR_41(17), STR_40(17), STR_39(17), 
		 -> STR_38(17), STR_37(17), STR_36(17), STR_35(17), 
		 -> STR_34(17), STR_33(17), STR_32(17), STR_31(17), 
		 -> STR_30(17), STR_29(17), STR_28(17), STR_27(17), 
		 -> STR_26(17), STR_25(17), STR_24(17), STR_23(17), 
		 -> STR_22(17), STR_21(17), STR_20(17), STR_19(17), 
		 -> STR_18(17), STR_17(17), STR_16(17), STR_15(17), 
		 -> STR_14(17), STR_13(17), STR_12(20), STR_11(20), 
		 -> STR_10(17), STR_9(17), STR_8(17), STR_7(17), 
		 -> STR_6(17), STR_5(17), STR_4(17), STR_3(17), 
		 -> STR_2(17), STR_1(17), 
 Auto vars:     Size  Location     Type
  lineNum         1   10[COMRAM] unsigned char 
  i               1   11[COMRAM] unsigned char 
 Return value:  Size  Location     Type
                  1    wreg      void 
 Registers used:
		wreg, status,2, status,0, tblptrl, tblptrh, tblptru, cstack
 Tracked objects:
		On entry : 
		On exit  : 
		Unchanged: 
 Data sizes:     COMRAM   BANK0   BANK1   BANK2   BANK3   BANK4   BANK5   BANK6   BANK7   BANK8   BANK9  BANK10  BANK11  BANK12  BANK13  BANK14  BANK15
      Params:         2       0       0       0       0       0       0       0       0       0       0       0       0       0       0       0       0
      Locals:         2       0       0       0       0       0       0       0       0       0       0       0       0       0       0       0       0
      Temps:          2       0       0       0       0       0       0       0       0       0       0       0       0       0       0       0       0
      Totals:         6       0       0       0       0       0       0       0       0       0       0       0       0       0       0       0       0
Total ram usage:        6 bytes
 Hardware stack levels used:    1
 Hardware stack levels required when called:    2
 This function calls:
		_LCD_Send
 This function is called by:
		_state0obrtet
		_state1obrkal
		_state2obrpwm
		_state3obradc
		_state4obrhra
		_state5tet
		_state6kal
		_state7pwm
		_state8adc
		_state9hra
 This function uses a non-reentrant model


 *************** function _LCD_Send *****************
 Defined at:
		line 88 in file "lcd.c"
 Parameters:    Size  Location     Type
  data            1    wreg     unsigned char 
 Auto vars:     Size  Location     Type
  data            1    5[COMRAM] unsigned char 
 Return value:  Size  Location     Type
                  1    wreg      void 
 Registers used:
		wreg
 Tracked objects:
		On entry : 
		On exit  : 
		Unchanged: 
 Data sizes:     COMRAM   BANK0   BANK1   BANK2   BANK3   BANK4   BANK5   BANK6   BANK7   BANK8   BANK9  BANK10  BANK11  BANK12  BANK13  BANK14  BANK15
      Params:         0       0       0       0       0       0       0       0       0       0       0       0       0       0       0       0       0
      Locals:         1       0       0       0       0       0       0       0       0       0       0       0       0       0       0       0       0
      Temps:          0       0       0       0       0       0       0       0       0       0       0       0       0       0       0       0       0
      Totals:         1       0       0       0       0       0       0       0       0       0       0       0       0       0       0       0       0
Total ram usage:        1 bytes
 Hardware stack levels used:    1
 Hardware stack levels required when called:    1
 This function calls:
		Nothing
 This function is called by:
		_LCD_Init
		_LCD_ShowString
		_LCD_Clear
 This function uses a non-reentrant model


 *************** function _ISR *****************
 Defined at:
		line 92 in file "newmain.c"
 Parameters:    Size  Location     Type
		None
 Auto vars:     Size  Location     Type
  aktualni        1    4[COMRAM] unsigned char 
 Return value:  Size  Location     Type
                  1    wreg      void 
 Registers used:
		wreg, fsr2l, fsr2h, status,2, status,0
 Tracked objects:
		On entry : 
		On exit  : 
		Unchanged: 
 Data sizes:     COMRAM   BANK0   BANK1   BANK2   BANK3   BANK4   BANK5   BANK6   BANK7   BANK8   BANK9  BANK10  BANK11  BANK12  BANK13  BANK14  BANK15
      Params:         0       0       0       0       0       0       0       0       0       0       0       0       0       0       0       0       0
      Locals:         1       0       0       0       0       0       0       0       0       0       0       0       0       0       0       0       0
      Temps:          4       0       0       0       0       0       0       0       0       0       0       0       0       0       0       0       0
      Totals:         5       0       0       0       0       0       0       0       0       0       0       0       0       0       0       0       0
Total ram usage:        5 bytes
 Hardware stack levels used:    1
 This function calls:
		Nothing
 This function is called by:
		Interrupt level 2
 This function uses a non-reentrant model



MODULE INFORMATION

Module		Function		Class		Link	Load	Size
newmain.c
		_init          		CODE           	108E	0000	163
		_ISR           		CODE           	0008	0000	145
		_driveLED      		CODE           	121C	0000	67
		_state0obrtet  		CODE           	1352	0000	31
		_state3obradc  		CODE           	12F8	0000	31
		_state7pwm     		CODE           	125E	0000	51
		_main          		CODE           	1370	0000	25
		_state8adc     		CODE           	0EDA	0000	239
		_state5tet     		CODE           	0B24	0000	503
		_state9hra     		CODE           	009C	0000	2027
		_state6kal     		CODE           	0D1A	0000	449
		_state1obrkal  		CODE           	1334	0000	31
		_state4obrhra  		CODE           	12DA	0000	31
		_FSM           		CODE           	0886	0000	671
		_state2obrpwm  		CODE           	1316	0000	31

newmain.c estimated size: 4495

C:\Program Files (x86)\Microchip\xc8\v2.05\pic\sources\c99\common\awdiv.c
		___awdiv       		CODE           	1130	0000	133

C:\Program Files (x86)\Microchip\xc8\v2.05\pic\sources\c99\common\awdiv.c estimated size: 133

shared
		__initialization		CODE           	12B6	0000	23

shared estimated size: 23

C:\Program Files (x86)\Microchip\xc8\v2.05\pic\sources\c99\common\Umul16.c
		___wmul        		CODE           	1290	0000	39

C:\Program Files (x86)\Microchip\xc8\v2.05\pic\sources\c99\common\Umul16.c estimated size: 39

lcd.c
		_LCD_Init      		CODE           	0FC8	0000	199
		_LCD_Send      		CODE           	1388	0000	19
		_LCD_ShowString		CODE           	11B4	0000	105

lcd.c estimated size: 323

